MO alternate NULL ../../../../../media/shared/co/verilog/P1/alternate.v vlg64/alternate.bin 1728918085
MO expr NULL ../../../../../media/shared/co/verilog/P1/expr.v vlg2B/expr.bin 1728815745
MO splitter NULL ../../../../../media/shared/co/verilog/P1/splitter.v vlg3F/splitter.bin 1728810421
MO gray NULL ../../../../../media/shared/co/verilog/P1/gray.v vlg4B/gray.bin 1728812623
MO ext NULL ../../../../../media/shared/co/verilog/P1/ext.v vlg29/ext.bin 1728812609
